// Jest Snapshot v1, https://goo.gl/fbAQLP

exports[`throws if value is not castable to a string 1`] = `"hi is not defined"`;

exports[`throws if value is not castable to number 1`] = `"castToNumber is not defined"`;

exports[`throws if value is not castable to number 2`] = `"castToNumber is not defined"`;

exports[`validator module casters throws if value is not castable to a number 1`] = `"Cannot cast >>hi<< to Number"`;

exports[`validator module casters throws if value is not castable to a number 2`] = `"Cannot cast >>[object Object]<< to Number"`;

exports[`validator module casters throws if value is not castable to number 1`] = `"Cannot cast >>hi<< to Number"`;

exports[`validator module casters throws if value is not castable to number 2`] = `"Cannot cast >>[object Object]<< to Number"`;
